// Jest Snapshot v1, https://goo.gl/fbAQLP

exports[`RecordsBoard renders correctly 1`] = `
<div
  className="rboard"
>
  <div
    className="rcard-container"
  >
    <div
      className="rboard-card"
    >
      <div
        className="title"
      >
        Total Number of tools in TRMS
      </div>
      <h1
        className="data"
      >
        1580
      </h1>
    </div>
    <div
      className="rboard-card"
    >
      <div
        className="title"
      >
        Number of tools with Missing information
      </div>
      <h1
        className="data"
      >
        865
      </h1>
    </div>
    <div
      className="rboard-card"
    >
      <div
        className="title"
      >
        % of tools with missing information
      </div>
      <h1
        className="data"
      >
        23%
      </h1>
    </div>
    <div
      className="rboard-card"
    >
      <div
        className="title"
      >
        Number of tools edited with TRMS
      </div>
      <h1
        className="data"
      >
        540
      </h1>
    </div>
  </div>
  <div
    className="data-stats"
  >
    <canvas
      height={400}
      role="img"
      width={300}
    />
  </div>
</div>
`;
