// Jest Snapshot v1, https://goo.gl/fbAQLP

exports[`RecordsBoard renders correctly 1`] = `
<div
  className="under--construction"
>
  <div
    className="rcard-container"
  >
    <div
      class="rboard-card"
    >
      <div
        class="title"
      >
        Total number of missing tools
      </div>
      <h1
        className="data"
      >
        1798
      </h1>
    </div>
    <div
      class="rboard-card"
    >
      <div
        class="title"
      >
        Total Number of tools with Missing information
      </div>
      <h1
        className="data"
      >
        865
      </h1>
    </div>
    <div
      class="rboard-card"
    >
      <div
        class="title"
      >
        Number of tools edited with TRMS
      </div>
      <h1
        className="data"
      >
        540
      </h1>
    </div>
  </div>
</div>
`;
